­ƒÜÇ Iniciando teste de captura Kabum com link encurtado...
­ƒôí Analisando link: https://tidd.ly/4kjGiwV
­ƒöù URL original: https://tidd.ly/4kjGiwV
­ƒÅÀ´©Å Plataforma detectada: unknown
­ƒöù Link encurtado detectado, seguindo redirecionamentos...
   ­ƒöä Seguindo redirecionamentos de: https://tidd.ly/4kjGiwV
   ­ƒöä Tentativa 1/5: https://tidd.ly/4kjGiwV...
   Ô£à Redirecionamento HTTP detectado: https://www.kabum.com.br/produto/515545/tablet-samsung-galaxy-tab-a9-64gb-5g-wi-...
   ­ƒöä Tentativa 2/5: https://www.kabum.com.br/produto/515545/tablet-samsung-galaxy-tab-a9-64gb-5g-wi-...
   Ô£à URL final ap├│s 2 tentativa(s): https://www.kabum.com.br/produto/515545/tablet-samsung-galaxy-tab-a9-64gb-5g-wi-fi-tela-de-11-androi...
­ƒöù URL final: https://www.kabum.com.br/produto/515545/tablet-samsung-galaxy-tab-a9-64gb-5g-wi-fi-tela-de-11-android-14-4gb-ram-camera-traseira-8mp-bateria-de-7-040mah-grafite-sm-x216bzaazto?aw_affid=2727354&sv1=affiliate&sv_campaign_id=2727354&awc=17729_1770370020_9060ca915c9a490eb9325d0aaa0d8a04&utm_source=AWIN&utm_medium=AFILIADOS&utm_campaign=fevereiro24&utm_content=&utm_term=2727354&sv1=affiliate&sv_campaign_id=2727354
­ƒÅÀ´©Å Plataforma redetectada ap├│s redirecionamento: kabum
­ƒöì Extraindo informa├º├Áes da Kabum: https://www.kabum.com.br/produto/515545/tablet-samsung-galaxy-tab-a9-64gb-5g-wi-fi-tela-de-11-android-14-4gb-ram-camera-traseira-8mp-bateria-de-7-040mah-grafite-sm-x216bzaazto?aw_affid=2727354&sv1=affiliate&sv_campaign_id=2727354&awc=17729_1770370020_9060ca915c9a490eb9325d0aaa0d8a04&sv1=affiliate&sv_campaign_id=2727354
Ô£à Kabum - Tablet Samsung Galaxy Tab A9+, 64GB, 5G, Wi-Fi, Te, R$ 0
Ô£à Link original PRESERVADO no resultado da an├ílise

­ƒôè Resultado da An├ílise:
{
  "name": "Tablet Samsung Galaxy Tab A9+, 64GB, 5G, Wi-Fi, Tela de 11\", Android 14, 4GB RAM, C├ómera Traseira 8MP, Bateria de 7.040mAh, Grafite - Sm-X216bzaazto",
  "description": "Compre Tablet Samsung Tab A9 64GB 5g 11 Polegadas no KaBuM As melhores ofertas e condi├º├Áes de pagamento Descubra a melhor forma de comprar online",
  "imageUrl": "https://images.kabum.com.br/produtos/fotos/sync_mirakl/515545/medium/Tablet-Samsung-Galaxy-Tab-A9-64GB-5G-Wi-Fi-Tela-de-11-Android-14-4GB-RAM-C-mera-Traseira-8MP-Bateria-de-7-040mAh-Grafite-Sm-X216bzaazto_1770146925.jpg",
  "currentPrice": 0,
  "oldPrice": 0,
  "platform": "kabum",
  "affiliateLink": "https://tidd.ly/4kjGiwV"
}

Ô£à SUCESSO: Produto Kabum identificado e capturado!
­ƒôª Produto: Tablet Samsung Galaxy Tab A9+, 64GB, 5G, Wi-Fi, Tela de 11", Android 14, 4GB RAM, C├ómera Traseira 8MP, Bateria de 7.040mAh, Grafite - Sm-X216bzaazto
­ƒÆ░ Pre├ºo: R$ 0
­ƒöù Link Afiliado Preservado: https://tidd.ly/4kjGiwV
